------------------------------------------------------------
Timing Analyzer Summary
------------------------------------------------------------

Type  : Slow 1100mV 85C Model Setup 'clk'
Slack : -1.406
TNS   : -1.406

Type  : Slow 1100mV 85C Model Hold 'clk'
Slack : 1.200
TNS   : 0.000

Type  : Slow 1100mV 85C Model Minimum Pulse Width 'clk'
Slack : 0.400
TNS   : 0.000

Type  : Slow 1100mV 0C Model Setup 'clk'
Slack : -1.447
TNS   : -1.447

Type  : Slow 1100mV 0C Model Hold 'clk'
Slack : 1.206
TNS   : 0.000

Type  : Slow 1100mV 0C Model Minimum Pulse Width 'clk'
Slack : 0.413
TNS   : 0.000

Type  : Fast 1100mV 85C Model Setup 'clk'
Slack : -0.233
TNS   : -0.233

Type  : Fast 1100mV 85C Model Hold 'clk'
Slack : 0.511
TNS   : 0.000

Type  : Fast 1100mV 85C Model Minimum Pulse Width 'clk'
Slack : 0.115
TNS   : 0.000

Type  : Fast 1100mV 0C Model Setup 'clk'
Slack : -0.162
TNS   : -0.162

Type  : Fast 1100mV 0C Model Hold 'clk'
Slack : 0.467
TNS   : 0.000

Type  : Fast 1100mV 0C Model Minimum Pulse Width 'clk'
Slack : 0.102
TNS   : 0.000

------------------------------------------------------------
