------------------------------------------------------------
Timing Analyzer Summary
------------------------------------------------------------

Type  : Slow 1100mV 85C Model Setup 'clk'
Slack : -1.425
TNS   : -1.425

Type  : Slow 1100mV 85C Model Hold 'clk'
Slack : 1.206
TNS   : 0.000

Type  : Slow 1100mV 85C Model Minimum Pulse Width 'clk'
Slack : 0.397
TNS   : 0.000

Type  : Slow 1100mV 0C Model Setup 'clk'
Slack : -1.442
TNS   : -1.442

Type  : Slow 1100mV 0C Model Hold 'clk'
Slack : 1.192
TNS   : 0.000

Type  : Slow 1100mV 0C Model Minimum Pulse Width 'clk'
Slack : 0.387
TNS   : 0.000

Type  : Fast 1100mV 85C Model Setup 'clk'
Slack : -0.239
TNS   : -0.239

Type  : Fast 1100mV 85C Model Hold 'clk'
Slack : 0.513
TNS   : 0.000

Type  : Fast 1100mV 85C Model Minimum Pulse Width 'clk'
Slack : 0.109
TNS   : 0.000

Type  : Fast 1100mV 0C Model Setup 'clk'
Slack : -0.160
TNS   : -0.160

Type  : Fast 1100mV 0C Model Hold 'clk'
Slack : 0.462
TNS   : 0.000

Type  : Fast 1100mV 0C Model Minimum Pulse Width 'clk'
Slack : 0.088
TNS   : 0.000

------------------------------------------------------------
